// Jest Snapshot v1, https://goo.gl/fbAQLP

exports[`Space shallow render & match the snapshot 1`] = `
<div
  className="styled__Space-sc-kxtek7-0 kMHmik"
/>
`;
