// Jest Snapshot v1, https://goo.gl/fbAQLP

exports[`GlobalStyle shallow render & match the snapshot 1`] = `null`;
