// Jest Snapshot v1, https://goo.gl/fbAQLP

exports[`SchemaEditor shallow render & match the snapshot 1`] = `
<Memo(Editor)
  defaultLanguage="json"
  defaultValue="// some comment"
  height="100%"
  name="editor"
  options={
    Object {
      "fontSize": "16",
    }
  }
  theme="vs-dark"
/>
`;
